// Jest Snapshot v1, https://goo.gl/fbAQLP

exports[`página de configuração deve ser renderizada 1`] = `
<div>
  <div
    class="card"
  >
    <section>
      <h2>
        Vamos começar!
      </h2>
      <form>
        <div
          class="grupo-input-btn"
        >
          <input
            placeholder="Insira os nomes dos participantes"
            type="text"
            value=""
          />
          <button
            disabled=""
          >
            Adicionar
          </button>
        </div>
        
      </form>
      <ul />
      <footer
        class="rodape-configuracoes"
      >
        <button
          class="botao"
          disabled=""
        >
          Iniciar brincadeira
        </button>
      </footer>
    </section>
  </div>
</div>
`;
